// Jest Snapshot v1, https://goo.gl/fbAQLP

exports[`Footer Component Footer Snapshot Test 1`] = `
<footer
  className="footer"
>
  <div
    className="footerWaveContainer"
  >
    <img
      alt="wavy border"
      className="footerWave"
      src="/assets/top-waves.svg"
    />
  </div>
  <div
    className="footerInside"
  >
    <div
      className="socialContainer"
    >
      <a
        className="mailToLink"
        href="mailto:joshua@young.net"
        rel="noopener noreferrer"
        target="_blank"
      >
        <img
          alt="email logo"
          className="socialImage"
          src="/assets/email-logo.svg"
        />
      </a>
      <a
        className="githubLink"
        href="https://github.com/JoshuaAYoung"
        rel="noopener noreferrer"
        target="_blank"
      >
        <img
          alt="github logo"
          className="socialImage"
          src="/assets/github-logo.svg"
        />
      </a>
      <a
        className="linkedinLink"
        href="https://www.linkedin.com/in/joshuaalexanderyoung"
        rel="noopener noreferrer"
        target="_blank"
      >
        <img
          alt="linkedin logo"
          className="socialImage"
          src="/assets/linkedin-logo.svg"
        />
      </a>
    </div>
    <p
      className="copyright"
    >
      Copyright Â© 
      2020
      <br />
      <a
        className="portLink"
        href="https://joshyoung.net"
        rel="noopener noreferrer"
        target="_blank"
      >
        Josh Young
      </a>
    </p>
  </div>
</footer>
`;
