// Jest Snapshot v1, https://goo.gl/fbAQLP

exports[`LoginPage Component LoginPage Snapshot Test 1`] = `
<div
  className="loginFormContainer"
>
  <ScrollToTopOnMount />
  <LoginForm />
</div>
`;
