// Jest Snapshot v1, https://goo.gl/fbAQLP

exports[`OpportunityDetails Component OpportunityDetails Snapshot Test 1`] = `<OpportunityDetails />`;
