// Jest Snapshot v1, https://goo.gl/fbAQLP

exports[`OpportunityBoardPage Component OpportunityBoardPage Snapshot Test 1`] = `<OpportunityBoardPage />`;
