// Jest Snapshot v1, https://goo.gl/fbAQLP

exports[`TextEditor Component TextEditor Snapshot Test 1`] = `<TextEditor />`;
